booting
field map 0x5a screen 0x10
open menu attempt 1 map 0x5a
main routine 0x0 $2 0x0 map 0x202
items routine 0x4 $2 0x8 map 0x202
items_action routine 0x4 $2 0xc map 0x202
back routine 0xff00 $2 0x0 map 0x5a
open menu attempt 1 map 0x5a
stats1 routine 0xc $2 0x8 map 0x202
stats2 routine 0xc $2 0xc map 0x202
stats3 routine 0xc $2 0x10 map 0x202
close menu attempt 1 map 0x202
back2 routine 0xff00 $2 0x0 map 0x5a
open menu attempt 1 map 0x5a
equip routine 0x10 $2 0xc map 0x202
equip_down routine 0x10 $2 0xc map 0x202
close menu attempt 1 map 0x202
close menu attempt 2 map 0x202
open menu attempt 1 map 0x5a
techs routine 0x8 $2 0x8 map 0x202
close menu attempt 1 map 0x202
close menu attempt 2 map 0x202
open menu attempt 1 map 0x5a
gen2_main routine 0x0 $2 0x0 map 0x204
gen2_items routine 0x4 $2 0x8 map 0x204
close menu attempt 1 map 0x204
close menu attempt 2 map 0x204
close menu attempt 3 map 0x204
open menu attempt 1 map 0x5a
switch_first routine 0x14 $2 0x4 map 0x202
switch_second routine 0x14 $2 0x4 map 0x202
switch_committed routine 0xff14 $2 0x4 map 0x5a
