c0 routine 0x1c D 0 1C 0x0
c1 routine 0x70 D 0 1C 0x0
c2 routine 0xc4 D 0 1C 0x0
c3 routine 0xc4 D 8 1C 0x0
c4 routine 0x10c D 0 1C 0x8
c5 routine 0x0 D 0 1C 0x8
slot3 hdr 0048504e41415459 copy dd554c9900880125
g0 routine 0x0 D 0 1C 0x0
g1 routine 0xc D 0 1C 0x0
g2 routine 0xc D 0 1C 0x0
g3 routine 0xc D 0 1C 0x0
g4 routine 0xc D 0 1C 0x0
g5 routine 0xc D 0 1C 0x0
g6 routine 0x7c D 0 1C 0x0
g7 routine 0x16c D 0 1C 0x8
menu routine 0xff6c D 0 1C 0x8
list routine 0x0 D 4 1C 0x8
list2 routine 0x0 D 4 1C 0x8
loaded routine 0x8 D 7 1C 0x8
end routine 0x8 D 2 1C 0x8
map 0x202 level 1
